Nothing to build in platform 'design_1_wrapper'

14:22:55 **** Incremental Build of configuration Debug for project vip ****
make all 
make --no-print-directory pre-build
a9-linaro-pre-build-step
 
make --no-print-directory main-build
Building file: ../src/main.c
Invoking: ARM v7 gcc compiler
arm-none-eabi-gcc -Wall -O0 -g3 -c -fmessage-length=0 -MT"src/main.o" -mcpu=cortex-a9 -mfpu=vfpv3 -mfloat-abi=hard -I/home/guoxm/isp_fpga/basic_isp/3_yolov3_tiny_acc/zynq_video_stream/vitis_prj/design_1_wrapper/export/design_1_wrapper/sw/design_1_wrapper/standalone_ps7_cortexa9_0/bspinclude/include -MMD -MP -MF"src/main.d" -MT"src/main.o" -o "src/main.o" "../src/main.c"
Finished building: ../src/main.c
 
Building target: vip.elf
Invoking: ARM v7 gcc linker
arm-none-eabi-gcc -mcpu=cortex-a9 -mfpu=vfpv3 -mfloat-abi=hard -Wl,-build-id=none -specs=Xilinx.spec -Wl,-T -Wl,../src/lscript.ld -L/home/guoxm/isp_fpga/basic_isp/3_yolov3_tiny_acc/zynq_video_stream/vitis_prj/design_1_wrapper/export/design_1_wrapper/sw/design_1_wrapper/standalone_ps7_cortexa9_0/bsplib/lib -o "vip.elf" ./src/vdma_api/vdma_api.o  ./src/main.o   -Wl,--start-group,-lxil,-lgcc,-lc,--end-group
Finished building target: vip.elf
 
Invoking: ARM v7 Print Size
arm-none-eabi-size vip.elf  |tee "vip.elf.size"
   text	   data	    bss	    dec	    hex	filename
  35901	   1272	  22968	  60141	   eaed	vip.elf
Finished building: vip.elf.size
 
